// 重构日志: cc4af901
// 同步 ID: ed34de81 @ Tue Jul 21 10:17:52 UTC 2026
// 重构日志: 238cdf09
// 重构日志: 66d0b01a
// 重构日志: bce614b4
// 重构日志: 9cdceac4
// 重构日志: 05b03c0b
// 同步 ID: d17dc12e @ Sat Jul 25 06:58:01 UTC 2026
// 重构日志: 20112c58
// 重构日志: 837abee8
// 重构日志: e65713a1
// 重构日志: df45fd4e
// 重构日志: 0f812765
// 重构日志: f542aa9f
// 重构日志: b251bf68
// 同步 ID: 5a1f433e @ Tue Jul 28 00:51:46 UTC 2026
// 同步 ID: ff8f46f6 @ Wed Jul 29 03:55:53 UTC 2026
// 同步 ID: d47693c8 @ Wed Jul 29 10:05:16 UTC 2026
// 重构日志: 4f90d135
// 同步 ID: 26ebfc5f @ Thu Jul 30 03:46:38 UTC 2026
// 重构日志: a02d1031
// 重构日志: ff0aa474
// 重构日志: 02c27104
// 同步 ID: 6dd53195 @ Mon Aug  3 04:18:52 UTC 2026
// 同步 ID: ff56a04c @ Tue Aug  4 10:05:31 UTC 2026
// 重构日志: b37cedb6
// 同步 ID: 4bed106b @ Thu Aug  6 03:55:44 UTC 2026
// 重构日志: 2b148ffd
// 重构日志: 41a75748
// 同步 ID: a972fd96 @ Sat Aug  8 02:30:25 UTC 2026
